[Taichi] version 1.7.4, llvm 15.0.4, commit b4b956fd, linux, python 3.12.3
[Taichi] Starting on arch=cuda
Adaptive solver: levels = 3, refinement box = ((0.38, 0.03), (0.68, 0.13)), grid shapes = [(107, 107), (83, 35), (127, 47)]
Solver: adaptive | particles = 26784 | DT = 1.3238e-05 | SUBSTEPS/frame = 1259
Exported static domain boundary to /home/gregghy/taipei_repo/eos_v1/benchmarks/adaptive_quadtree_2D/domain_boundary.vtk
Exported leaf cells to /home/gregghy/taipei_repo/eos_v1/benchmarks/adaptive_quadtree_2D/leaf_cells.vtk
Starting Dynamic Relaxation Phase (30 frames)...
Dynamic Relaxation Complete.
=========================================
solver              : adaptive
backend             : Arch.cuda
frames              : 300 (+30 relaxation)
DT                  : 1.323802e-05 s
substeps per frame  : 1259
total steps (main)  : 377700
particles (initial) : 26784
particles (final)   : 79737
particles per level : [52319, 4667, 22751]
level dx            : ['1.0000e-02', '5.0000e-03', '2.5000e-03']
split overflow      : 0
setup wall time     : 0.72 s
relaxation wall time: 56.12 s (37770 steps)
main loop wall time : 568.26 s
steps per second    : 664.7
ms per step         : 1.505
ms per frame (sim)  : 1894.2
vtk export wall time: 45.19 s
=========================================
=========================================================================
Kernel Profiler(count, default) @ CUDA on NVIDIA GeForce RTX 5050
=========================================================================
[      %     total   count |      min       avg       max   ] Kernel name
-------------------------------------------------------------------------
[ 30.16%  52.075 s 377700x |    0.055     0.138     1.605 ms] p2g_APIC_c94_0_kernel_1_range_for
[ 22.12%  38.198 s 377700x |    0.043     0.101     1.761 ms] compute_forces_c96_0_kernel_1_range_for
[  4.65%   8.024 s 377700x |    0.010     0.021     1.697 ms] g2p_APIC_c104_0_kernel_1_range_for
[  3.66%   6.320 s 755400x |    0.003     0.008   132.066 ms] apply_boundaries_c102_0_kernel_2_range_for
[  3.62%   6.257 s 755400x |    0.003     0.008     1.284 ms] apply_boundaries_c102_0_kernel_0_range_for
[  3.56%   6.139 s 755400x |    0.003     0.008     1.681 ms] apply_boundaries_c102_0_kernel_1_range_for
[  3.35%   5.791 s 377700x |    0.003     0.015    64.782 ms] grid_update_c100_0_kernel_0_range_for
[  3.30%   5.695 s 377700x |    0.003     0.015     1.408 ms] g2p_APIC_c104_0_kernel_0_serial
[  2.53%   4.363 s 377700x |    0.007     0.012     1.651 ms] split_particles_c92_0_kernel_1_range_for
[  1.96%   3.386 s 377700x |    0.003     0.009   256.364 ms] grid_update_c100_0_kernel_1_range_for
[  1.92%   3.311 s 377700x |    0.003     0.009   565.051 ms] split_particles_c92_0_kernel_0_serial
[  1.88%   3.240 s 377700x |    0.004     0.009     1.602 ms] fill_fine_boundary_velocities_c88_0_kernel_1_range_for
[  1.86%   3.215 s 377700x |    0.003     0.009     1.698 ms] grid_update_c100_0_kernel_2_range_for
[  1.79%   3.095 s 377700x |    0.003     0.008     1.461 ms] normalize_momentum_c86_0_kernel_2_range_for
[  1.77%   3.061 s 377700x |    0.003     0.008     1.673 ms] clear_c84_0_kernel_2_range_for
[  1.77%   3.051 s 377700x |    0.003     0.008     1.380 ms] fill_fine_boundary_velocities_c88_0_kernel_0_range_for
[  1.75%   3.028 s 377700x |    0.003     0.008     1.348 ms] clear_c84_0_kernel_0_range_for
[  1.69%   2.922 s 377700x |    0.003     0.008     1.871 ms] normalize_momentum_c86_0_kernel_1_range_for
[  1.68%   2.908 s 377700x |    0.003     0.008     0.873 ms] clear_c84_0_kernel_1_range_for
[  1.66%   2.870 s 377700x |    0.003     0.008     1.517 ms] normalize_momentum_c86_0_kernel_0_range_for
[  1.66%   2.869 s 377700x |    0.003     0.008     1.405 ms] compute_forces_c96_0_kernel_0_serial
[  1.64%   2.830 s 377700x |    0.003     0.007     1.447 ms] p2g_APIC_c94_0_kernel_0_serial
[  0.01%   0.010 s    300x |    0.011     0.035     0.118 ms] snode_reader_81_kernel_0_serial
[  0.00%   0.006 s    300x |    0.006     0.021     0.945 ms] tensor_to_ext_arr_c6_0_kernel_0_range_for
[  0.00%   0.006 s    300x |    0.007     0.020     0.056 ms] matrix_to_ext_arr_c28_0_kernel_0_range_for
[  0.00%   0.006 s    300x |    0.007     0.019     0.058 ms] matrix_to_ext_arr_c28_1_kernel_0_range_for
[  0.00%   0.006 s    755x |    0.004     0.007     0.068 ms] snode_reader_83_kernel_0_serial
-------------------------------------------------------------------------
[100.00%] Total execution time: 172.682 s   number of results: 27
=========================================================================

Summary and kernel profile written to /home/gregghy/taipei_repo/eos_v1/benchmarks/adaptive_quadtree_2D
