[Taichi] version 1.7.4, llvm 15.0.4, commit b4b956fd, linux, python 3.12.3
[Taichi] Starting on arch=cuda
Initializing immersed adaptive MPM solver...
Custom refinement box: x=[0.1467, 0.9133], y=[0.1650, 0.3300]
Grid levels: 4
Finest dx: 1.250000e-03
DT after AMR adjustment: 6.621640e-06
Substeps per frame: 2517
Exported static domain boundary to /home/gregghy/taipei_repo/eos_v1/benchmarks/sub_001/domain_boundary.vtk
Exporting initial state (t=0)...
Exported frame 0 to /home/gregghy/taipei_repo/eos_v1/benchmarks/sub_001/mpm_fluid_0000.vtk
Starting dynamic relaxation (10 frames)...
Dynamic relaxation complete.
Exported frame 0 to /home/gregghy/taipei_repo/eos_v1/benchmarks/sub_001/mpm_fluid_0000.vtk
Starting main loop (60 frames)...
Exported frame 1 to /home/gregghy/taipei_repo/eos_v1/benchmarks/sub_001/mpm_fluid_0001.vtk
Frame 1/60 exported.
Exported frame 2 to /home/gregghy/taipei_repo/eos_v1/benchmarks/sub_001/mpm_fluid_0002.vtk
Frame 2/60 exported.
Exported frame 3 to /home/gregghy/taipei_repo/eos_v1/benchmarks/sub_001/mpm_fluid_0003.vtk
Frame 3/60 exported.
Exported frame 4 to /home/gregghy/taipei_repo/eos_v1/benchmarks/sub_001/mpm_fluid_0004.vtk
Frame 4/60 exported.
Exported frame 5 to /home/gregghy/taipei_repo/eos_v1/benchmarks/sub_001/mpm_fluid_0005.vtk
Frame 5/60 exported.
Exported frame 6 to /home/gregghy/taipei_repo/eos_v1/benchmarks/sub_001/mpm_fluid_0006.vtk
Frame 6/60 exported.
Exported frame 7 to /home/gregghy/taipei_repo/eos_v1/benchmarks/sub_001/mpm_fluid_0007.vtk
Frame 7/60 exported.
Exported frame 8 to /home/gregghy/taipei_repo/eos_v1/benchmarks/sub_001/mpm_fluid_0008.vtk
Frame 8/60 exported.
Exported frame 9 to /home/gregghy/taipei_repo/eos_v1/benchmarks/sub_001/mpm_fluid_0009.vtk
Frame 9/60 exported.
Exported frame 10 to /home/gregghy/taipei_repo/eos_v1/benchmarks/sub_001/mpm_fluid_0010.vtk
Frame 10/60 exported.
Exported frame 11 to /home/gregghy/taipei_repo/eos_v1/benchmarks/sub_001/mpm_fluid_0011.vtk
Frame 11/60 exported.
Exported frame 12 to /home/gregghy/taipei_repo/eos_v1/benchmarks/sub_001/mpm_fluid_0012.vtk
Frame 12/60 exported.
Exported frame 13 to /home/gregghy/taipei_repo/eos_v1/benchmarks/sub_001/mpm_fluid_0013.vtk
Frame 13/60 exported.
Exported frame 14 to /home/gregghy/taipei_repo/eos_v1/benchmarks/sub_001/mpm_fluid_0014.vtk
Frame 14/60 exported.
Exported frame 15 to /home/gregghy/taipei_repo/eos_v1/benchmarks/sub_001/mpm_fluid_0015.vtk
Frame 15/60 exported.
Exported frame 16 to /home/gregghy/taipei_repo/eos_v1/benchmarks/sub_001/mpm_fluid_0016.vtk
Frame 16/60 exported.
Exported frame 17 to /home/gregghy/taipei_repo/eos_v1/benchmarks/sub_001/mpm_fluid_0017.vtk
Frame 17/60 exported.
Exported frame 18 to /home/gregghy/taipei_repo/eos_v1/benchmarks/sub_001/mpm_fluid_0018.vtk
Frame 18/60 exported.
Exported frame 19 to /home/gregghy/taipei_repo/eos_v1/benchmarks/sub_001/mpm_fluid_0019.vtk
Frame 19/60 exported.
Exported frame 20 to /home/gregghy/taipei_repo/eos_v1/benchmarks/sub_001/mpm_fluid_0020.vtk
Frame 20/60 exported.
Exported frame 21 to /home/gregghy/taipei_repo/eos_v1/benchmarks/sub_001/mpm_fluid_0021.vtk
Frame 21/60 exported.
Exported frame 22 to /home/gregghy/taipei_repo/eos_v1/benchmarks/sub_001/mpm_fluid_0022.vtk
Frame 22/60 exported.
Exported frame 23 to /home/gregghy/taipei_repo/eos_v1/benchmarks/sub_001/mpm_fluid_0023.vtk
Frame 23/60 exported.
Exported frame 24 to /home/gregghy/taipei_repo/eos_v1/benchmarks/sub_001/mpm_fluid_0024.vtk
Frame 24/60 exported.
Exported frame 25 to /home/gregghy/taipei_repo/eos_v1/benchmarks/sub_001/mpm_fluid_0025.vtk
Frame 25/60 exported.
Exported frame 26 to /home/gregghy/taipei_repo/eos_v1/benchmarks/sub_001/mpm_fluid_0026.vtk
Frame 26/60 exported.
Exported frame 27 to /home/gregghy/taipei_repo/eos_v1/benchmarks/sub_001/mpm_fluid_0027.vtk
Frame 27/60 exported.
Exported frame 28 to /home/gregghy/taipei_repo/eos_v1/benchmarks/sub_001/mpm_fluid_0028.vtk
Frame 28/60 exported.
Exported frame 29 to /home/gregghy/taipei_repo/eos_v1/benchmarks/sub_001/mpm_fluid_0029.vtk
Frame 29/60 exported.
Exported frame 30 to /home/gregghy/taipei_repo/eos_v1/benchmarks/sub_001/mpm_fluid_0030.vtk
Frame 30/60 exported.
Exported frame 31 to /home/gregghy/taipei_repo/eos_v1/benchmarks/sub_001/mpm_fluid_0031.vtk
Frame 31/60 exported.
Exported frame 32 to /home/gregghy/taipei_repo/eos_v1/benchmarks/sub_001/mpm_fluid_0032.vtk
Frame 32/60 exported.
Exported frame 33 to /home/gregghy/taipei_repo/eos_v1/benchmarks/sub_001/mpm_fluid_0033.vtk
Frame 33/60 exported.
Exported frame 34 to /home/gregghy/taipei_repo/eos_v1/benchmarks/sub_001/mpm_fluid_0034.vtk
Frame 34/60 exported.
Exported frame 35 to /home/gregghy/taipei_repo/eos_v1/benchmarks/sub_001/mpm_fluid_0035.vtk
Frame 35/60 exported.
Exported frame 36 to /home/gregghy/taipei_repo/eos_v1/benchmarks/sub_001/mpm_fluid_0036.vtk
Frame 36/60 exported.
Exported frame 37 to /home/gregghy/taipei_repo/eos_v1/benchmarks/sub_001/mpm_fluid_0037.vtk
Frame 37/60 exported.
Exported frame 38 to /home/gregghy/taipei_repo/eos_v1/benchmarks/sub_001/mpm_fluid_0038.vtk
Frame 38/60 exported.
Exported frame 39 to /home/gregghy/taipei_repo/eos_v1/benchmarks/sub_001/mpm_fluid_0039.vtk
Frame 39/60 exported.
Exported frame 40 to /home/gregghy/taipei_repo/eos_v1/benchmarks/sub_001/mpm_fluid_0040.vtk
Frame 40/60 exported.
Exported frame 41 to /home/gregghy/taipei_repo/eos_v1/benchmarks/sub_001/mpm_fluid_0041.vtk
Frame 41/60 exported.
Exported frame 42 to /home/gregghy/taipei_repo/eos_v1/benchmarks/sub_001/mpm_fluid_0042.vtk
Frame 42/60 exported.
Exported frame 43 to /home/gregghy/taipei_repo/eos_v1/benchmarks/sub_001/mpm_fluid_0043.vtk
Frame 43/60 exported.
Exported frame 44 to /home/gregghy/taipei_repo/eos_v1/benchmarks/sub_001/mpm_fluid_0044.vtk
Frame 44/60 exported.
Exported frame 45 to /home/gregghy/taipei_repo/eos_v1/benchmarks/sub_001/mpm_fluid_0045.vtk
Frame 45/60 exported.
Exported frame 46 to /home/gregghy/taipei_repo/eos_v1/benchmarks/sub_001/mpm_fluid_0046.vtk
Frame 46/60 exported.
Exported frame 47 to /home/gregghy/taipei_repo/eos_v1/benchmarks/sub_001/mpm_fluid_0047.vtk
Frame 47/60 exported.
Exported frame 48 to /home/gregghy/taipei_repo/eos_v1/benchmarks/sub_001/mpm_fluid_0048.vtk
Frame 48/60 exported.
Exported frame 49 to /home/gregghy/taipei_repo/eos_v1/benchmarks/sub_001/mpm_fluid_0049.vtk
Frame 49/60 exported.
Exported frame 50 to /home/gregghy/taipei_repo/eos_v1/benchmarks/sub_001/mpm_fluid_0050.vtk
Frame 50/60 exported.
Exported frame 51 to /home/gregghy/taipei_repo/eos_v1/benchmarks/sub_001/mpm_fluid_0051.vtk
Frame 51/60 exported.
Exported frame 52 to /home/gregghy/taipei_repo/eos_v1/benchmarks/sub_001/mpm_fluid_0052.vtk
Frame 52/60 exported.
Exported frame 53 to /home/gregghy/taipei_repo/eos_v1/benchmarks/sub_001/mpm_fluid_0053.vtk
Frame 53/60 exported.
Exported frame 54 to /home/gregghy/taipei_repo/eos_v1/benchmarks/sub_001/mpm_fluid_0054.vtk
Frame 54/60 exported.
Exported frame 55 to /home/gregghy/taipei_repo/eos_v1/benchmarks/sub_001/mpm_fluid_0055.vtk
Frame 55/60 exported.
Exported frame 56 to /home/gregghy/taipei_repo/eos_v1/benchmarks/sub_001/mpm_fluid_0056.vtk
Frame 56/60 exported.
Exported frame 57 to /home/gregghy/taipei_repo/eos_v1/benchmarks/sub_001/mpm_fluid_0057.vtk
Frame 57/60 exported.
Exported frame 58 to /home/gregghy/taipei_repo/eos_v1/benchmarks/sub_001/mpm_fluid_0058.vtk
Frame 58/60 exported.
Exported frame 59 to /home/gregghy/taipei_repo/eos_v1/benchmarks/sub_001/mpm_fluid_0059.vtk
Frame 59/60 exported.
Exported frame 60 to /home/gregghy/taipei_repo/eos_v1/benchmarks/sub_001/mpm_fluid_0060.vtk
Frame 60/60 exported.
Done.
